
> the-vault-ui@1.8.0 dev
> vite --host 127.0.0.1


  VITE v5.4.21  ready in 404 ms

  ➜  Local:   http://127.0.0.1:5173/
3:35:01 PM [vite] hmr update /src/index.css, /src/components/tcg-room/RoomCardCollection.jsx, /src/components/tcg-room/RoomCardSurface.jsx
3:35:01 PM [vite] hmr update /src/components/tcg-room/RoomCardSurface.jsx, /src/index.css
3:35:01 PM [vite] hmr update /src/components/tcg-room/RoomCardCollection.jsx, /src/index.css
3:35:40 PM [vite] hmr update /src/components/tcg-room/RoomCardCollection.jsx, /src/index.css
3:41:07 PM [vite] hmr update /src/index.css, /src/components/tcg-room/RoomCardCollection.jsx, /src/components/tcg-room/RoomCardSurface.jsx
3:41:07 PM [vite] hmr update /src/components/tcg-room/RoomCardSurface.jsx, /src/index.css
3:41:07 PM [vite] hmr update /src/components/tcg-room/RoomCardCollection.jsx, /src/index.css
3:41:07 PM [vite] hmr update /src/components/tcg-room/TCGRoomRuntime.jsx, /src/index.css
3:41:07 PM [vite] vite.config.js changed, restarting server...
3:41:07 PM [vite] hmr update /src/components/tcg-room/tcg-room.css
3:41:07 PM [vite] server restarted.
3:42:12 PM [vite] hmr update /src/components/tcg-room/RoomCardSurface.jsx, /src/index.css
3:43:51 PM [vite] hmr update /src/components/tcg-room/RoomCardSurface.jsx, /src/index.css
3:46:12 PM [vite] hmr update /src/components/tcg-room/RoomCardCollection.jsx, /src/index.css
3:46:12 PM [vite] hmr update /src/components/tcg-room/RoomCardSurface.jsx, /src/index.css
3:48:14 PM [vite] hmr update /src/index.css, /src/components/tcg-room/RoomCardCollection.jsx, /src/components/tcg-room/RoomCardSurface.jsx
3:48:14 PM [vite] hmr update /src/components/tcg-room/TCGRoomRuntime.jsx, /src/index.css
3:48:36 PM [vite] hmr update /src/components/tcg-room/TCGRoomRuntime.jsx, /src/index.css
3:48:47 PM [vite] hmr update /src/components/tcg-room/RoomCardCollection.jsx, /src/index.css
10:35:49 PM [vite] hmr update /src/App.jsx, /src/index.css, /src/components/SessionRecoveryModal.jsx, /src/components/SessionEndPrompt.jsx, /src/components/layout/Layout.jsx, /src/components/gamification/XPToastLayer.jsx, /src/components/companion/CompanionBubble.jsx, /src/components/LevelUpOverlay.jsx, /src/components/layout/Sidebar.jsx, /src/components/companion/CompanionChat.jsx, /src/components/companion/GroupsPanel.jsx, /src/components/companion/SimulationSection.jsx, /src/components/companion/GroupChat.jsx, /src/pages/TCGRoomModule.jsx, /src/components/tcg-room/TCGRoomRuntime.jsx, /src/components/tcg-room/RoomDeviceSurface.jsx, /src/components/tcg-room/RoomCopyManager.jsx, /src/components/tcg-room/RoomDisplayManager.jsx, /src/components/tcg-room/RoomParcelPanel.jsx, /src/components/tcg-room/RoomLayoutPanel.jsx, /src/components/tcg-workspace/CollectionBrowser.jsx, /src/components/tcg-workspace/BinderWorkspace.jsx, /src/components/tcg-room/RoomFixtureShop.jsx, /src/components/tcg-workspace/CardInspector.jsx, /src/components/tcg-workspace/Workshop.jsx
10:39:29 PM [vite] hmr update /src/components/tcg-room/TCGRoomRuntime.jsx, /src/index.css
10:42:28 PM [vite] hmr update /src/components/tcg-room/tcg-room.css
10:49:36 PM [vite] hmr update /src/components/tcg-room/TCGRoomRuntime.jsx, /src/index.css
10:50:59 PM [vite] hmr update /src/components/tcg-room/TraderVN.jsx, /src/index.css
10:54:32 PM [vite] hmr update /src/components/tcg-room/TCGRoomRuntime.jsx, /src/index.css
10:56:50 PM [vite] hmr update /src/components/tcg-room/TraderVN.jsx, /src/index.css
11:29:49 PM [vite] hmr update /src/components/tcg-room/RoomCardSurface.jsx, /src/index.css
11:33:57 PM [vite] hmr update /src/components/tcg-room/RoomCardSurface.jsx, /src/index.css
10:09:18 AM [vite] hmr update /src/components/tcg-room/RoomCardSurface.jsx, /src/index.css
10:11:59 AM [vite] hmr update /src/components/tcg-room/RoomCardCollection.jsx, /src/index.css
